[2026-01-14T17:17:06.594046] The user wants me to parallelize a Smith-Waterman implementation in Rust.

**Analysis:**
1.  `construct_matrix`: This function has a loop-carried dependency. The calculation of `h[i][j]` depends on `h[i-1][j]`, `h[i][j-1]`, and `h[i-1][j-1]`. This prevents simple parallelization of the outer or inner loops.
2.  `find_highest_score`: This is an embarrassingly parallel reduction problem. The matrix can be searched in parallel chunks to find the max value.
3.  `traceback`: This is inherently sequential as it follows a path through the matrix. It cannot be parallelized.

**Chosen Strategy:**
1.  `construct_matrix`: The dependency structure is a classic wavefront problem. I will parallelize along the anti-diagonals. All cells `(i, j)` where `i + j = k` can be computed in parallel because their dependencies are on previous anti-diagonals (`k-1` and `k-2`). This is the only correct way to parallelize this part of the algorithm. I'll use `rayon` for this.
2.  `find_highest_score`: I will use `rayon::par_iter` to iterate over the matrix rows in parallel and a `reduce` operation to find the maximum score and its position deterministically.

**Rejected Alternatives:**
1.  **Naive `par_iter` on rows/columns:** This is incorrect and would lead to data races and wrong results due to the loop-carried dependencies.
2.  **Blocking:** This is a valid but more complex alternative. It involves dividing the matrix into blocks and processing them in a specific order that respects dependencies. Wavefront is a more direct and often simpler approach for this specific problem, fitting well within the bounded patch constraints.

**Plan:**
1.  Set up a Cargo project.
2.  Save the user's code as the sequential baseline in `algo_sequential.rs`.
3.  Implement the parallel version in `algo_parallel.rs` using the wavefront strategy for `construct_matrix` and parallel reduction for `find_highest_score`.
4.  Create a `test_runner.rs` to perform differential testing for correctness and determinism, plus a basic performance check.
5.  Finalize with `JUSTIFICATION.md` and evidence files.
---
[2026-01-14T17:23:33.102557] The previous run showed a massive performance *regression*. This is almost certainly due to the `Mutex` inside the parallel loop in `construct_matrix_parallel`. The lock contention serializes all the work, and the overhead of `Arc` and `Mutex` makes it much slower than the simple sequential version.

**Refinement Plan:**
The wavefront approach is correct, but the implementation is flawed. A correct, performant implementation should not use a mutex for every cell calculation. Instead, I need a way to access the matrix elements that the Rust borrow checker will approve of, without global locking.

The key insight is that `rayon`'s threads can't easily share mutable access to the whole `h` matrix. A common pattern to solve this is to use raw pointers or `unsafe` blocks, but that's a last resort.

A safer alternative is to realize that each anti-diagonal calculation only depends on the previous two. I can process the matrix one anti-diagonal at a time. Within each anti-diagonal, the cell calculations are independent. The synchronization point is only needed *between* anti-diagonals, which is implicitly handled by the sequential outer loop over `k`.

However, the current implementation has a data race that the `Mutex` was preventing. `h` is borrowed mutably by multiple threads. The borrow checker should have caught this. The reason it didn't is because the access is inside a closure.

Let's rethink the data access. To avoid the mutex, I need to restructure the data. The problem is that `rayon` cannot reason about the fine-grained dependencies.

I'll try a different approach that is safer and avoids `unsafe`. I can process the matrix in chunks. However, the wavefront dependency makes simple chunking difficult.

Let's go back to the wavefront. The issue is mutable access to `h`.
Instead of a `Mutex`, what if I can break the mutable dependency? I can't.

Let's look at the `find_highest_score_parallel` function. It seems overly complex and might be slow too. Let's simplify that as well.

**Revised `construct_matrix_parallel` plan:**
I will stick with the wavefront. To get around the borrow checker and mutex, I will have to use `unsafe` code with raw pointers to update the matrix `h`. This is a valid use case for `unsafe` because the wavefront algorithm guarantees that there will be no data races: no two threads will ever write to the same cell, and reads will only happen from cells in previous anti-diagonals that are already computed and will not be changed. I will wrap the matrix in a struct that implements `Sync` to signal to Rayon that it's safe to share across threads.

**Revised `find_highest_score_parallel` plan:**
The current implementation is a bit convoluted. A simpler and more direct approach would be:
1.  Use `par_iter()` on the enumerated rows.
2.  In each parallel task, find the max value and its column index for that row.
3.  Use `reduce()` to find the row with the overall maximum value. This is deterministic.

Let's implement these refinements.
---
[2026-01-14T17:31:09.417006] The tests failed on correctness for larger inputs, and the performance is still terrible. This points to a subtle bug in my `unsafe` pointer logic. The core idea of using raw pointers to circumvent the borrow checker for the wavefront is sound, but the implementation is likely flawed.

Let's re-examine the `unsafe` block.
The issue might be in how I'm getting the pointers to the rows.
`let h_ptr = h_ptr_addr as *const Vec<i32>;`
This reconstitutes a pointer to the *slice of vectors*.
`let h_row_i_ptr = (*h_ptr.add(i)).as_ptr();`
This gets a pointer to the data *within* a vector at row `i`.

The problem is that `(*h_ptr.add(i))` involves a dereference of the raw pointer `h_ptr` to get the `Vec<i32>` at that index, and then `as_ptr()` gets the pointer to the integer data inside that vector. This seems correct.

Why would it fail?
1.  **Race condition:** Is it possible I was wrong about the safety of the wavefront? No, the algorithm is standard. `(i, j)` is unique per thread in the inner loop. Reads are from `k-1` and `k-2`. This is fine.
2.  **Incorrect pointer arithmetic:**
    -   `h_ptr.add(i)`: `h_ptr` is `*const Vec<i32>`. Adding `i` moves the pointer by `i * size_of(Vec<i32>)`. This should correctly point to the i-th vector.
    -   `(*...).as_ptr()`: This gets the raw pointer to the `i32` data inside the vector.
    -   `add(j)`: This moves the pointer to the j-th `i32` element.
    -   The logic seems correct.

3.  **Compiler optimization / aliasing issues?** Unlikely to be the root cause here, but `unsafe` can have subtle interactions.

Let's reconsider the data structure. Instead of a `Vec<Vec<i32>>`, a flattened 1D `Vec<i32>` representing the 2D matrix is often easier and safer to work with when doing manual pointer arithmetic. `h[i][j]` becomes `h[i * m + j]`. This avoids pointers to vectors and just deals with pointers to integers. This simplifies the `unsafe` block significantly.

**Refinement Plan 2:**
1.  Change the matrix representation `h` from `Vec<Vec<i32>>` to a single flattened `Vec<i32>`.
2.  Update the indexing logic in both sequential and parallel versions to be `h[i * m + j]`.
3.  Rewrite the `unsafe` block in `construct_matrix_parallel` to use the simpler pointer arithmetic on the flattened array. This is less error-prone.
4.  Update `find_highest_score` and `traceback` to use the new indexing.
5.  Re-run the tests. This should fix both the correctness and performance issues. The performance issue is likely still related to some subtle overhead or incorrectness in the pointer logic that prevents optimization; a flat array is much more cache-friendly and easier for the compiler to reason about.
---
[2026-01-14T17:33:40.073695] I've been stuck on this `Sync` error for `*mut i32`. The compiler is telling me that a raw mutable pointer cannot be safely shared between threads. My `UnsafeMatrixPtr` wrapper was intended to solve this by manually asserting `Send` and `Sync`, but the error persists.

The root cause is how the closure in `for_each` captures `h_ptr`. It captures a reference to `h_ptr`, which is `&UnsafeMatrixPtr`, and the type inside is `*mut i32`. The compiler sees a shared reference to a mutable pointer, which is not allowed.

The fix is to pass the pointer *by value* to the closure. By deriving `Copy` and `Clone` on the `UnsafeMatrixPtr` wrapper, each thread gets its own copy of the pointer value (the address), not a shared reference to the pointer. This is safe because they all point to the same memory block, and my wavefront algorithm ensures they don't write to the same location.

I had added `Copy` and `Clone` in the last attempt, but I was still getting the error. Let's re-examine the code carefully.

```rust
// In previous attempt
#[derive(Copy, Clone)]
struct UnsafeMatrixPtr(*mut i32);
unsafe impl Send for UnsafeMatrixPtr {}
unsafe impl Sync for UnsafeMatrixPtr {}

// ...
let h_ptr = UnsafeMatrixPtr(h.as_mut_ptr());
// ...
(1..k).into_par_iter().for_each(|i| {
    // h_ptr is captured here
    let h = h_ptr.0; // This uses the captured h_ptr
    // ...
});
```
The capture is implicit. The compiler seems to still infer a capture by reference. Let's be explicit. The `move` keyword on the closure might force it to take ownership of its captures. However, `for_each` requires an `Fn` closure, which can be called multiple times, so `move` might not be what I need.

The fundamental issue is that the closure needs to be `Sync`, and for that, all its captured variables must be `Sync`. `h_ptr` *is* `Sync`. So why the error?

Perhaps the compiler error is a bit misleading. The problem isn't just the pointer; it's the combination of the parallel iterator and the closure's environment.

Let's try a different tactic. What if I pass the pointer's address as a `usize`? This is a common trick to get around the borrow checker when you can guarantee safety.

1.  Convert `*mut i32` to `usize`.
2.  The `usize` can be copied into the closure without any `Sync` issues.
3.  Inside the closure, cast the `usize` back to `*mut i32`.

This should finally resolve the compiler errors and, if the logic is correct, the correctness and performance issues.

**Final Refinement Plan:**
1.  In `construct_matrix_parallel`, get the raw mutable pointer to the flattened `h` vector.
2.  Convert this pointer to a `usize`.
3.  In the `for_each` closure, capture the `usize` address.
4.  Inside the closure, cast the `usize` back to a `*mut i32`.
5.  Perform the calculations using this reconstituted pointer.
6.  This completely avoids sharing any pointer types directly, satisfying the compiler's safety checks.
7.  Run tests again. I am confident this will work.
---
[2026-01-14T17:36:00.610648] The tests now pass for correctness and determinism, which is a huge step forward. The flattened array and `usize` pointer trick worked.

However, the performance is still abysmal. A speedup of `0.01x` means the parallel version is 100 times *slower*. This is happening even on the "Large" test case.

Let's analyze the performance bottlenecks:
1.  **Small Input Threshold:** The current threshold is `n < 20 || m < 20`. The "Large" test case is `query.len() = 35`, `ref.len() = 35`. So `n=36`, `m=36`. This is above the threshold and should be using the parallel path.
2.  **Overhead of `into_par_iter()`:** For each anti-diagonal `k`, I'm creating a new parallel iterator. The number of elements in each anti-diagonal is small at the beginning and end of the computation. The overhead of setting up Rayon's work stealing for these small batches might be overwhelming the actual computation. The test case is `36x36`, which is probably not large enough to amortize this overhead.
3.  **Debug Build:** `cargo run` executes a debug build by default (`dev` profile). Debug builds in Rust are notoriously slow because they include a lot of checks and disable optimizations. The sequential code is simple and likely optimizes well, while the parallel version with `Arc`, closures, and `unsafe` might be disproportionately slow in a debug build.

**Action Plan:**
1.  **Run in Release Mode:** The most critical next step is to run the tests and benchmarks in release mode, which enables optimizations. I will modify the `run_code` call to use `cargo run --release`. This is the standard way to measure performance in Rust.
2.  **Increase Problem Size:** The current "Large" case is not very large for a parallel algorithm. I will add a much larger test case to the performance check to see if the speedup appears when the problem is big enough to overcome the fixed overhead of parallelization.

I will first try running in release mode. If that doesn't show a speedup, I'll increase the problem size. But I suspect the debug build is the primary culprit for the massive regression.
---
